// Jest Snapshot v1, https://goo.gl/fbAQLP

exports[`HomeScreen Footer List Tests evaluates the rendered card with snapshot 1`] = `
<RNGestureHandlerButton
  collapsable={false}
  onGestureEvent={[Function]}
  onGestureHandlerEvent={[Function]}
  onGestureHandlerStateChange={[Function]}
  onHandlerStateChange={[Function]}
  rippleColor={0}
  style={
    Array [
      Object {
        "overflow": "hidden",
      },
      undefined,
    ]
  }
>
  <View
    accessible={true}
    style={
      Object {
        "backgroundColor": "#ac14d9",
        "borderRadius": 8,
        "height": 120,
        "justifyContent": "space-between",
        "marginHorizontal": 8,
        "opacity": 1,
        "padding": 18,
        "width": 120,
      }
    }
    testID="footer-card"
  >
    <Icon
      color="#eee"
      name="creditcard"
      size={22}
    />
    <Text
      style={
        Array [
          Object {
            "fontFamily": "sans-serif-medium",
          },
          Object {
            "color": "#eee",
            "fontSize": 16,
            "fontWeight": "bold",
          },
        ]
      }
      testID="footer-card-text"
    >
      random test text
    </Text>
  </View>
</RNGestureHandlerButton>
`;
